#-----------------------------------------------------------
# Vivado v2022.2 (64-bit)
# SW Build 3671981 on Fri Oct 14 05:00:03 MDT 2022
# IP Build 3669848 on Fri Oct 14 08:30:02 MDT 2022
# Start of session at: Mon Apr  3 15:47:31 2023
# Process ID: 5672
# Current directory: C:/Users/Admin/OneDrive/Documents/GithubRepos/lane_detection/FPGA/BIPT
# Command line: vivado.exe -gui_launcher_event rodinguilauncherevent9828 C:\Users\Admin\OneDrive\Documents\GithubRepos\lane_detection\FPGA\BIPT\BIPT.xpr
# Log file: C:/Users/Admin/OneDrive/Documents/GithubRepos/lane_detection/FPGA/BIPT/vivado.log
# Journal file: C:/Users/Admin/OneDrive/Documents/GithubRepos/lane_detection/FPGA/BIPT\vivado.jou
# Running On: DESKTOP-HAE7TCE, OS: Windows, CPU Frequency: 1800 MHz, CPU Physical cores: 4, Host memory: 8440 MB
#-----------------------------------------------------------
start_gui
open_project C:/Users/Admin/OneDrive/Documents/GithubRepos/lane_detection/FPGA/BIPT/BIPT.xpr
update_compile_order -fileset sources_1
launch_simulation
launch_simulation
source tb_modules.tcl
run all
close_sim
launch_simulation
source tb_modules.tcl
run all
